#-----------------------------------------------------------
# Vivado v2024.1 (64-bit)
# SW Build 5076996 on Wed May 22 18:37:14 MDT 2024
# IP Build 5075265 on Wed May 22 21:45:21 MDT 2024
# SharedData Build 5076995 on Wed May 22 18:29:18 MDT 2024
# Start of session at: Tue Mar 25 18:37:23 2025
# Process ID: 2020
# Current directory: C:/Users/eleves/Desktop/uart_ascon_light_el/uart_ascon_light_el.runs/impl_1
# Command line: vivado.exe -log inter_spartan.vdi -applog -product Vivado -messageDb vivado.pb -mode batch -source inter_spartan.tcl -notrace
# Log file: C:/Users/eleves/Desktop/uart_ascon_light_el/uart_ascon_light_el.runs/impl_1/inter_spartan.vdi
# Journal file: C:/Users/eleves/Desktop/uart_ascon_light_el/uart_ascon_light_el.runs/impl_1\vivado.jou
# Running On        :GCP-E105-26
# Platform          :Windows Server 2016 or Windows 10
# Operating System  :19045
# Processor Detail  :12th Gen Intel(R) Core(TM) i5-12500
# CPU Frequency     :2995 MHz
# CPU Physical cores:6
# CPU Logical cores :12
# Host memory       :16363 MB
# Swap memory       :16642 MB
# Total Virtual     :33006 MB
# Available Virtual :20430 MB
#-----------------------------------------------------------
source inter_spartan.tcl -notrace
