#-----------------------------------------------------------
# Vivado v2024.1 (64-bit)
# SW Build 5076996 on Wed May 22 18:37:14 MDT 2024
# IP Build 5075265 on Wed May 22 21:45:21 MDT 2024
# SharedData Build 5076995 on Wed May 22 18:29:18 MDT 2024
# Start of session at: Mon Mar 24 12:12:08 2025
# Process ID: 8500
# Current directory: C:/Users/eleves/Downloads/uart_ascon_light_el
# Command line: vivado.exe -gui_launcher_event rodinguilauncherevent2552 C:\Users\eleves\Downloads\uart_ascon_light_el\uart_ascon_light_el.xpr
# Log file: C:/Users/eleves/Downloads/uart_ascon_light_el/vivado.log
# Journal file: C:/Users/eleves/Downloads/uart_ascon_light_el\vivado.jou
# Running On        :GCP-E105-20
# Platform          :Windows Server 2016 or Windows 10
# Operating System  :19045
# Processor Detail  :12th Gen Intel(R) Core(TM) i5-12500
# CPU Frequency     :2995 MHz
# CPU Physical cores:6
# CPU Logical cores :12
# Host memory       :16363 MB
# Swap memory       :16642 MB
# Total Virtual     :33006 MB
# Available Virtual :28275 MB
#-----------------------------------------------------------
start_gui
open_project C:/Users/eleves/Downloads/uart_ascon_light_el/uart_ascon_light_el.xpr
update_compile_order -fileset sources_1
import_files -norecurse {C:/Users/eleves/Downloads/fsmAscon/compteur.sv C:/Users/eleves/Downloads/fsmAscon/fsm.sv C:/Users/eleves/Downloads/fsmAscon/ASCON.sv}
update_compile_order -fileset sources_1
